// Jest Snapshot v1, https://goo.gl/fbAQLP

exports[`<Posts /> should match snapshot 1`] = `
<div
  class="posts"
>
  <div
    class="post"
  >
    <img
      alt="Title 1"
      src="img/img1.png"
    />
    <div
      class="post-content"
    >
      <h2>
        Title 1
         
        1
      </h2>
      <p>
        body
      </p>
    </div>
  </div>
  <div
    class="post"
  >
    <img
      alt="Title 2"
      src="img/img1.png"
    />
    <div
      class="post-content"
    >
      <h2>
        Title 2
         
        2
      </h2>
      <p>
        body
      </p>
    </div>
  </div>
  <div
    class="post"
  >
    <img
      alt="Title 3"
      src="img/img1.png"
    />
    <div
      class="post-content"
    >
      <h2>
        Title 3
         
        3
      </h2>
      <p>
        body
      </p>
    </div>
  </div>
</div>
`;
